price_history/medium_sales/ecard1-149_Reverse_Holofoil.csv
start_date,end_date,price,quantity_sold
2023-12-03,2023-12-09,6.96,0
2023-12-12,2023-12-18,8.85,0
2023-12-19,2023-12-25,8.85,0
2023-12-26,2024-01-01,8.85,0
2024-01-02,2024-01-08,8.85,0
2024-01-09,2024-01-15,8.85,0
2024-01-16,2024-01-22,8.85,0
2024-01-23,2024-01-29,8.85,0
2024-01-30,2024-02-05,8.85,0
2024-02-06,2024-02-12,8.85,0
2024-02-13,2024-02-19,8.85,0
2024-02-20,2024-02-26,8.85,0
2024-02-27,2024-03-04,8.85,0
2024-03-05,2024-03-11,8.85,0
2024-03-12,2024-03-18,8.85,0
2024-03-19,2024-03-25,8.83,0
2024-03-26,2024-04-01,8.83,0
2024-04-02,2024-04-08,8.83,0
2024-04-09,2024-04-15,8.83,0
2024-04-16,2024-04-22,8.83,0
2024-04-23,2024-04-29,8.83,0
2024-04-30,2024-05-06,8.83,0
2024-05-07,2024-05-13,8.83,0
2024-05-14,2024-05-20,8.83,0
2024-05-21,2024-05-27,8.83,0
2024-05-28,2024-06-03,8.83,0
2024-06-04,2024-06-10,5.49,1
2024-06-11,2024-06-17,5.49,0
2024-06-18,2024-06-24,4.76,1
2024-06-25,2024-07-01,4.76,0
2024-07-02,2024-07-08,6.49,1
2024-07-09,2024-07-15,6.49,0
2024-07-16,2024-07-22,6.49,0
2024-07-23,2024-07-29,6.49,0
2024-07-30,2024-08-05,6.49,0
2024-08-06,2024-08-12,6.49,0
2024-08-13,2024-08-19,6.49,0
2024-08-20,2024-08-26,7.11,1
2024-08-27,2024-09-02,7.11,0
2024-09-03,2024-09-09,6.62,1
2024-09-10,2024-09-16,6.29,1
2024-09-17,2024-09-23,6.29,0
2024-09-24,2024-09-30,6.82,0
2024-10-01,2024-10-07,6.82,0
2024-10-08,2024-10-14,6.82,0
2024-10-15,2024-10-21,6.82,0
2024-10-22,2024-10-28,6.29,0
2024-10-29,2024-11-04,6.29,0
2024-11-05,2024-11-11,6.75,1
2024-11-12,2024-11-18,6.75,0
2024-11-19,2024-11-25,6.75,0
2024-11-26,2024-12-02,6.75,0
